========================================
Запуск для матрицы 200x200
========================================
Результат записан в ./3_200.txt
Время чтения: 26 мс
Время умножения: 76 мс

========================================
Запуск для матрицы 400x400
========================================
Результат записан в ./3_400.txt
Время чтения: 73 мс
Время умножения: 605 мс

========================================
Запуск для матрицы 800x800
========================================
Результат записан в ./3_800.txt
Время чтения: 270 мс
Время умножения: 4434 мс

========================================
Запуск для матрицы 1200x1200
========================================
Результат записан в ./3_1200.txt
Время чтения: 611 мс
Время умножения: 14614 мс

========================================
Запуск для матрицы 1600x1600
========================================
Результат записан в ./3_1600.txt
Время чтения: 1057 мс
Время умножения: 34631 мс

========================================
Запуск для матрицы 2000x2000
========================================
Результат записан в ./3_2000.txt
Время чтения: 1840 мс
Время умножения: 67652 мс

