========================================
Запуск для матрицы 200x200
========================================
Результат записан в ./3_200.txt
Время чтения: 36 мс
Время умножения: 19 мс

========================================
Запуск для матрицы 400x400
========================================
Результат записан в ./3_400.txt
Время чтения: 93 мс
Время умножения: 151 мс

========================================
Запуск для матрицы 800x800
========================================
Результат записан в ./3_800.txt
Время чтения: 498 мс
Время умножения: 1188 мс

========================================
Запуск для матрицы 1200x1200
========================================
Результат записан в ./3_1200.txt
Время чтения: 726 мс
Время умножения: 3836 мс

========================================
Запуск для матрицы 1600x1600
========================================
Результат записан в ./3_1600.txt
Время чтения: 1150 мс
Время умножения: 8796 мс

========================================
Запуск для матрицы 2000x2000
========================================
Результат записан в ./3_2000.txt
Время чтения: 1801 мс
Время умножения: 17059 мс

