========================================
Запуск для матрицы 200x200
========================================
Результат записан в ./3_200.txt
Время чтения: 21 мс
Время умножения: 9 мс

========================================
Запуск для матрицы 400x400
========================================
Результат записан в ./3_400.txt
Время чтения: 69 мс
Время умножения: 76 мс

========================================
Запуск для матрицы 800x800
========================================
Результат записан в ./3_800.txt
Время чтения: 265 мс
Время умножения: 620 мс

========================================
Запуск для матрицы 1200x1200
========================================
Результат записан в ./3_1200.txt
Время чтения: 592 мс
Время умножения: 1980 мс

========================================
Запуск для матрицы 1600x1600
========================================
Результат записан в ./3_1600.txt
Время чтения: 1049 мс
Время умножения: 4533 мс

========================================
Запуск для матрицы 2000x2000
========================================
Результат записан в ./3_2000.txt
Время чтения: 1620 мс
Время умножения: 8850 мс
