========================================
Запуск для матрицы 200x200
========================================
Результат записан в ./3_200.txt
Время чтения: 24 мс
Время умножения: 37 мс

========================================
Запуск для матрицы 400x400
========================================
Результат записан в ./3_400.txt
Время чтения: 74 мс
Время умножения: 296 мс

========================================
Запуск для матрицы 800x800
========================================
Результат записан в ./3_800.txt
Время чтения: 269 мс
Время умножения: 2324 мс

========================================
Запуск для матрицы 1200x1200
========================================
Результат записан в ./3_1200.txt
Время чтения: 594 мс
Время умножения: 7427 мс

========================================
Запуск для матрицы 1600x1600
========================================
Результат записан в ./3_1600.txt
Время чтения: 1042 мс
Время умножения: 17432 мс

========================================
Запуск для матрицы 2000x2000
========================================
Результат записан в ./3_2000.txt
Время чтения: 1637 мс
Время умножения: 33824 мс

